Total reads: 1
Total joined: 1
Average join len: 50.00
Stdev join len: nan
Version: 1.02.999
